5
#num_rooms 8
#start start
#end end
3 2 2
##start
start 4 0
##end
end 4 6
4 0 4
1 4 2
2 4 4
5 8 2
6 8 4
start-1
3-4
2-4
1-5
6-5
end-6
1-2
2-end
3-start

L1-1 L2-3
L1-5 L2-4 L3-1 L4-3
L1-6 L2-2 L3-5 L4-4 L5-1
L1-end L2-end L3-6 L4-2 L5-5
L3-end L4-end L5-6
L5-end
